<html>
<body>
<pre>
<h1>µVision Build Log</h1>
<h2>Project:</h2>
E:\Homebrew\Watch\Demo\Device\Project\WatchDemo.uvproj
Project File Date:  01/08/2013

<h2>Output:</h2>
Build target 'Watch'
compiling FrameBuffer.c...
linking...
Program Size: Code=27448 RO-data=23068 RW-data=328 ZI-data=26640  
"WatchDemo.axf" - 0 Error(s), 0 Warning(s).
Load "E:\\Homebrew\\Watch\\Demo\\Device\\Project\\WatchDemo.AXF" 
Connecting: Mode=JTAG, Speed=1000000Hz
Full Chip Erase Done.
Erase Done.
Programming Done.
Verify OK.
