<html>
<body>
<pre>
<h1>µVision Build Log</h1>
<h2>Project:</h2>
E:\Homebrew\Watch\Demo\Device\Project\WatchDemo.uvproj
Project File Date:  01/02/2013

<h2>Output:</h2>
Build target 'Watch'
compiling croutine.c...
compiling list.c...
compiling queue.c...
compiling tasks.c...
compiling timers.c...
compiling heap_2.c...
compiling port.c...
compiling DebugUart.c...
..\Application\DebugUart.c(58): warning:  #550-D: variable "ucData" was set but never used
..\Application\DebugUart.c(110): warning:  #223-D: function "UARTFIFODisable" declared implicitly
..\Application\DebugUart.c(129): warning:  #177-D: function "WriteTxBuffer_" was declared but never referenced
compiling main.c...
assembling startup.s...
compiling LcdTask.c...
..\Application\LcdTask.c(124): warning:  #177-D: function "WriteLineToLcd" was declared but never referenced
compiling LcdDisplay.c...
..\Application\LcdDisplay.c(49): warning:  #550-D: variable "AllowConnectionStateChangeToUpdateScreen" was set but never used
compiling MessageQueues.c...
compiling LcdBuffer.c...
compiling BufferPool.c...
compiling HuffManEngText.c...
compiling Statistics.c...
compiling Fonts.c...
..\Application\Fonts.c(1612): warning:  #1-D: last line of file ends without a newline
compiling Icons.c...
compiling IdlePage.c...
compiling IdlePageMain.c...
..\Application\IdlePageMain.c(174): warning:  #223-D: function "QueryBatteryCharging" declared implicitly
..\Application\IdlePageMain.c(510): warning:  #177-D: function "DontChangeButtonConfiguration" was declared but never referenced
compiling Display.c...
compiling OneSecondTimers.c...
compiling CommandTask.c...
..\Application\CommandTask.c(185): warning:  #177-D: variable "pTestMsg" was declared but never referenced
compiling CRC16.c...
compiling Utilities.c...
compiling BluetoothSpp.c...
..\Application\BluetoothSpp.c(193): warning:  #177-D: variable "ucData" was declared but never referenced
..\Application\BluetoothSpp.c(194): warning:  #177-D: variable "DataWrite" was declared but never referenced
..\Application\BluetoothSpp.c(238): warning:  #223-D: function "UARTFIFODisable" declared implicitly
..\Application\BluetoothSpp.c(44): warning:  #177-D: variable "BtTxMutex" was declared but never referenced
..\Application\BluetoothSpp.c(104): warning:  #177-D: function "WriteTxBuffer" was declared but never referenced
compiling Background.c...
..\Application\Background.c(96): warning:  #223-D: function "halRtcSet" declared implicitly
..\Application\Background.c(110): warning:  #1-D: last line of file ends without a newline
compiling hal_rtc.c...
..\Hardware\hal_rtc.c(165): warning: C3017W: <temp.0> may be used before being set
compiling hal_battery.c...
..\Hardware\hal_battery.c(6): warning:  #1-D: last line of file ends without a newline
compiling rit128x96x4.c...
linking...
Program Size: Code=20740 RO-data=13924 RW-data=280 ZI-data=30784  
"WatchDemo.axf" - 0 Error(s), 18 Warning(s).
Clean started: Project: 'WatchDemo'
   deleting intermediate output files for target 'Watch'
